// Jest Snapshot v1, https://goo.gl/fbAQLP

exports[`rendering should match snapshot 1`] = `
<FlagsSubscription
  clientSideId="456"
  defaultFlags={Object {}}
  onUpdateFlags={[Function]}
  onUpdateStatus={[Function]}
  shouldInitialize={[Function]}
  user={
    Object {
      "key": "123",
    }
  }
>
  <Broadcast
    channel="@flopflip"
    value={Object {}}
  >
    <ChildComponent />
  </Broadcast>
</FlagsSubscription>
`;
