// Jest Snapshot v1, https://goo.gl/fbAQLP

exports[`injecting with single feature toggle should match snapshot 1`] = `
<omitProps(shouldUpdate(TestComponent))
  @flopflip/flags={
    Object {
      "aFeatureToggle": true,
    }
  }
  featureToggles={
    Object {
      "aFeatureToggle": true,
    }
  }
/>
`;
