// Jest Snapshot v1, https://goo.gl/fbAQLP

exports[`rendering should match snapshot 1`] = `
<ConfigureAdapter
  adapter={
    Object {
      "configure": [MockFunction],
      "reconfigure": [MockFunction],
    }
  }
  adapterArgs={
    Object {
      "fooId": "foo-id",
      "onFlagsStateChange": [MockFunction],
      "onStatusStateChange": [MockFunction],
    }
  }
  defaultFlags={Object {}}
  render={null}
  shouldDeferAdapterConfiguration={false}
/>
`;
