// Jest Snapshot v1, https://goo.gl/fbAQLP

exports[`when feature disabled with untoggled component should match snapshot 1`] = `<UntoggledComponent />`;

exports[`when feature disabled without untoggled component should match snapshot 1`] = `""`;

exports[`when feature enabled with \`children\` should match snapshot 1`] = `<FeatureComponent />`;

exports[`when feature enabled with \`toggledComponent\` should match snapshot 1`] = `<FeatureComponent />`;
