// Jest Snapshot v1, https://goo.gl/fbAQLP

exports[`with \`flagName\` and \`flagVariation\` when feature is disabled with untoggled component should match snapshot 1`] = `<UntoggledComponent />`;

exports[`with \`flagName\` and \`flagVariation\` when feature is disabled without untoggled component should match snapshot 1`] = `<DefaultUntoggledComponent />`;

exports[`with \`flagName\` and \`flagVariation\` when feature is enabled with untoggled component should match snapshot 1`] = `<FeatureComponent />`;

exports[`with \`flagName\` and \`flagVariation\` when feature is enabled without untoggled component should match snapshot 1`] = `<FeatureComponent />`;

exports[`with \`flagName\` when feature is disabled with untoggled component should match snapshot 1`] = `<UntoggledComponent />`;

exports[`with \`flagName\` when feature is disabled without untoggled component should match snapshot 1`] = `<DefaultUntoggledComponent />`;

exports[`with \`flagName\` when feature is enabled with untoggled component should match snapshot 1`] = `<FeatureComponent />`;

exports[`with \`flagName\` when feature is enabled without untoggled component should match snapshot 1`] = `<FeatureComponent />`;

exports[`without \`flagName\` when feature is disabled with untoggled component should match snapshot 1`] = `<UntoggledComponent />`;

exports[`without \`flagName\` when feature is disabled without untoggled component should match snapshot 1`] = `<DefaultUntoggledComponent />`;

exports[`without \`flagName\` when feature is enabled with untoggled component should match snapshot 1`] = `<FeatureComponent />`;

exports[`without \`flagName\` when feature is enabled without untoggled component should match snapshot 1`] = `<FeatureComponent />`;
