// Jest Snapshot v1, https://goo.gl/fbAQLP

exports[`rendering should match snapshot 1`] = `
<ContextProvider
  value={Object {}}
>
  <ConfigureAdapter
    adapter={
      Object {
        "configure": [MockFunction],
        "getIsReady": [MockFunction],
        "reconfigure": [MockFunction],
      }
    }
    adapterArgs={
      Object {
        "fooId": "foo-id",
        "onFlagsStateChange": [Function],
        "onStatusStateChange": [Function],
      }
    }
    defaultFlags={Object {}}
    render={null}
    shouldDeferAdapterConfiguration={false}
  >
    <ChildComponent />
  </ConfigureAdapter>
</ContextProvider>
`;
