// Jest Snapshot v1, https://goo.gl/fbAQLP

exports[`<ToggleFeature> when feature is disabled should match snapshot 1`] = `
<Provider
  store={
    Object {
      "clearActions": [Function],
      "dispatch": [Function],
      "getActions": [Function],
      "getState": [Function],
      "replaceReducer": [Function],
      "subscribe": [Function],
    }
  }
>
  <Connect(ConfigureFlopflip)
    adapter={
      Object {
        "configure": [Function],
        "getFlag": [Function],
        "getIsReady": [Function],
        "reconfigure": [Function],
        "reset": [Function],
        "waitUntilConfigured": [Function],
      }
    }
    adapterArgs={Object {}}
  >
    <ConfigureFlopflip
      adapter={
        Object {
          "configure": [Function],
          "getFlag": [Function],
          "getIsReady": [Function],
          "reconfigure": [Function],
          "reset": [Function],
          "waitUntilConfigured": [Function],
        }
      }
      adapterArgs={Object {}}
      defaultFlags={Object {}}
      handleUpdateFlags={[Function]}
      handleUpdateStatus={[Function]}
      shouldDeferAdapterConfiguration={false}
    >
      <ConfigureAdapter
        adapter={
          Object {
            "configure": [Function],
            "getFlag": [Function],
            "getIsReady": [Function],
            "reconfigure": [Function],
            "reset": [Function],
            "waitUntilConfigured": [Function],
          }
        }
        adapterArgs={
          Object {
            "onFlagsStateChange": [Function],
            "onStatusStateChange": [Function],
          }
        }
        defaultFlags={Object {}}
        render={null}
        shouldDeferAdapterConfiguration={false}
      >
        <ToggleFeature
          flag="flag1"
        >
          <ToggleFeature
            dispatch={[Function]}
            flag="flag1"
            isFeatureEnabled={false}
            render={null}
            toggledComponent={null}
            untoggledComponent={null}
          />
        </ToggleFeature>
      </ConfigureAdapter>
    </ConfigureFlopflip>
  </Connect(ConfigureFlopflip)>
</Provider>
`;

exports[`<ToggleFeature> when feature is disabled when enabling feature should match snapshot 1`] = `
<Provider
  store={
    Object {
      "clearActions": [Function],
      "dispatch": [Function],
      "getActions": [Function],
      "getState": [Function],
      "replaceReducer": [Function],
      "subscribe": [Function],
    }
  }
>
  <Connect(ConfigureFlopflip)
    adapter={
      Object {
        "configure": [Function],
        "getFlag": [Function],
        "getIsReady": [Function],
        "reconfigure": [Function],
        "reset": [Function],
        "waitUntilConfigured": [Function],
      }
    }
    adapterArgs={Object {}}
  >
    <ConfigureFlopflip
      adapter={
        Object {
          "configure": [Function],
          "getFlag": [Function],
          "getIsReady": [Function],
          "reconfigure": [Function],
          "reset": [Function],
          "waitUntilConfigured": [Function],
        }
      }
      adapterArgs={Object {}}
      defaultFlags={Object {}}
      handleUpdateFlags={[Function]}
      handleUpdateStatus={[Function]}
      shouldDeferAdapterConfiguration={false}
    >
      <ConfigureAdapter
        adapter={
          Object {
            "configure": [Function],
            "getFlag": [Function],
            "getIsReady": [Function],
            "reconfigure": [Function],
            "reset": [Function],
            "waitUntilConfigured": [Function],
          }
        }
        adapterArgs={
          Object {
            "onFlagsStateChange": [Function],
            "onStatusStateChange": [Function],
          }
        }
        defaultFlags={Object {}}
        render={null}
        shouldDeferAdapterConfiguration={false}
      >
        <ToggleFeature
          flag="flag1"
        >
          <ToggleFeature
            dispatch={[Function]}
            flag="flag1"
            isFeatureEnabled={true}
            render={null}
            toggledComponent={null}
            untoggledComponent={null}
          >
            <FeatureComponent>
              <div />
            </FeatureComponent>
          </ToggleFeature>
        </ToggleFeature>
      </ConfigureAdapter>
    </ConfigureFlopflip>
  </Connect(ConfigureFlopflip)>
</Provider>
`;
